help.are
h-immref.hlp
quest.are
GazneersForest.are
limbo.are
midgetribe.are
plains.are
ofcol2.are
olympus.are
air.are
shire.are
hitower.are
gnome.are
wyvern.are
catacomb.are
hood.are
draconia.are
mahntor.are
trollden.are
firenewt.are
NorshenPier.are
chapel.are
midennir.are
grave.are
school.are
moria.are
juargan.are
eastern.are
drow.are
thalos.are
mirror.are
ofcol.are
haon.are
arachnos.are
dwarven.are
gnomecastle.are
sewer.are
valley.are
redferne.are
giant.are
marsh.are
dream.are
grove.are
dylan.are
canyon.are
galaxy.are
mobfact.are
kavir.are
vallandar.are
start.are
ultima.are
pyramid.are
magetest.are
abode.are
relic.are
Inn.are
Town.are
crib.are
darktemp.are
weed.are
ventrue.are
tropicalisland.are
doom.are
atlantis.are
imm_offices.are
zargoza.are
ecaves.are
newbtower.are
freezetag.are
demontemple.are
bgtower.are
valrin.are
angelhq.are
black.are
demonhq.are
magehall.are
ninjahq.are
vampirehq.are
wwhq2.are
gladpits.are
AliceinWonderlandStaircase.are
heartwood.are
castle.are
airhq.are
assimite.are
bishamonhq.are
brujahhq.are
earthhq.are
hellfirehq.are
hotei.are
jurojinhq.are
kotarohq.are
krelhq.are
lightninghq.are
malkavianhq.are
mudevihq.are
noshq.are
selenahq.are
shatainhq.are
tremerehq.are
waterhq.are
wwhq.are
firehq.are
arioch.are
chemosh.are
amazonhq.are
jedieq.are
golem.are
$
